//
//  Copyright © 2021 Mateusz Stompór. All rights reserved.
//

module MetalBinding {
    header "../MetalBinding/Model.h"
    header "../MetalBinding/Vertex.h"
    header "../MetalBinding/Camera.h"
    header "../MetalBinding/Constant.h"
    header "../MetalBinding/FrozenParticle.h"
        
    header "../MetalBinding/Light/OmniLight.h"
    header "../MetalBinding/Light/SpotLight.h"
    header "../MetalBinding/Light/AmbientLight.h"
    header "../MetalBinding/Light/DirectionalLight.h"
    
    header "../MetalBinding/Rendering/SSAO.h"
    
    header "../MetalBinding/Attribute/Bridge.h"
    header "../MetalBinding/Attribute/Attribute.h"
    header "../MetalBinding/Attribute/Attachment.h"
    header "../MetalBinding/Attribute/FunctionConstant.h"
    header "../MetalBinding/Attribute/VertexShader/VertexBufferIndex.h"
    header "../MetalBinding/Attribute/FragmentShader/FragmentBufferIndex.h"
    header "../MetalBinding/Attribute/FragmentShader/FragmentTextureIndex.h"
    
    export *
}
